--------------------------------------------------------------------------------
Release 14.7 Trace  (nt64)
Copyright (c) 1995-2013 Xilinx, Inc.  All rights reserved.

C:\Xilinx\14.7\ISE_DS\ISE\bin\nt64\unwrapped\trce.exe -intstyle ise -v 3 -s 3
-n 3 -fastpaths -xml FSM.twx FSM.ncd -o FSM.twr FSM.pcf

Design file:              FSM.ncd
Physical constraint file: FSM.pcf
Device,package,speed:     xc6slx16,csg324,C,-3 (PRODUCTION 1.23 2013-10-13)
Report level:             verbose report

Environment Variable      Effect 
--------------------      ------ 
NONE                      No environment variables were set
--------------------------------------------------------------------------------

INFO:Timing:2698 - No timing constraints found, doing default enumeration.
INFO:Timing:3412 - To improve timing, see the Timing Closure User Guide (UG612).
INFO:Timing:2752 - To get complete path coverage, use the unconstrained paths 
   option. All paths that are not constrained will be reported in the 
   unconstrained paths section(s) of the report.
INFO:Timing:3339 - The clock-to-out numbers in this timing report are based on 
   a 50 Ohm transmission line loading model.  For the details of this model, 
   and for more information on accounting for different loading conditions, 
   please see the device datasheet.



Data Sheet report:
-----------------
All values displayed in nanoseconds (ns)

Setup/Hold to clock clk
------------+------------+------------+------------+------------+------------------+--------+
            |Max Setup to|  Process   |Max Hold to |  Process   |                  | Clock  |
Source      | clk (edge) |   Corner   | clk (edge) |   Corner   |Internal Clock(s) | Phase  |
------------+------------+------------+------------+------------+------------------+--------+
sw<0>       |    0.823(R)|      FAST  |   -0.127(R)|      SLOW  |clk_BUFGP         |   0.000|
sw<1>       |    0.717(R)|      FAST  |   -0.022(R)|      SLOW  |clk_BUFGP         |   0.000|
sw<2>       |    1.028(R)|      FAST  |   -0.396(R)|      SLOW  |clk_BUFGP         |   0.000|
sw<3>       |    0.865(R)|      FAST  |   -0.172(R)|      SLOW  |clk_BUFGP         |   0.000|
sw<4>       |    0.960(R)|      FAST  |   -0.344(R)|      SLOW  |clk_BUFGP         |   0.000|
sw<5>       |    0.813(R)|      FAST  |   -0.141(R)|      SLOW  |clk_BUFGP         |   0.000|
sw<6>       |    1.045(R)|      FAST  |   -0.484(R)|      SLOW  |clk_BUFGP         |   0.000|
sw<7>       |    0.988(R)|      FAST  |   -0.355(R)|      SLOW  |clk_BUFGP         |   0.000|
------------+------------+------------+------------+------------+------------------+--------+

Clock clk to Pad
------------+-----------------+------------+-----------------+------------+------------------+--------+
            |Max (slowest) clk|  Process   |Min (fastest) clk|  Process   |                  | Clock  |
Destination |  (edge) to PAD  |   Corner   |  (edge) to PAD  |   Corner   |Internal Clock(s) | Phase  |
------------+-----------------+------------+-----------------+------------+------------------+--------+
anodes<0>   |         6.669(R)|      SLOW  |         3.391(R)|      FAST  |clk_BUFGP         |   0.000|
anodes<1>   |         6.799(R)|      SLOW  |         3.469(R)|      FAST  |clk_BUFGP         |   0.000|
anodes<2>   |         6.689(R)|      SLOW  |         3.423(R)|      FAST  |clk_BUFGP         |   0.000|
anodes<3>   |         6.923(R)|      SLOW  |         3.648(R)|      FAST  |clk_BUFGP         |   0.000|
seven<0>    |         6.949(R)|      SLOW  |         3.554(R)|      FAST  |clk_BUFGP         |   0.000|
seven<1>    |         6.905(R)|      SLOW  |         3.543(R)|      FAST  |clk_BUFGP         |   0.000|
seven<2>    |         6.560(R)|      SLOW  |         3.353(R)|      FAST  |clk_BUFGP         |   0.000|
seven<3>    |         6.560(R)|      SLOW  |         3.353(R)|      FAST  |clk_BUFGP         |   0.000|
------------+-----------------+------------+-----------------+------------+------------------+--------+

Clock to Setup on destination clock clk
---------------+---------+---------+---------+---------+
               | Src:Rise| Src:Fall| Src:Rise| Src:Fall|
Source Clock   |Dest:Rise|Dest:Rise|Dest:Fall|Dest:Fall|
---------------+---------+---------+---------+---------+
clk            |    1.386|         |         |         |
---------------+---------+---------+---------+---------+


Analysis completed Wed Oct 19 00:49:32 2016 
--------------------------------------------------------------------------------

Trace Settings:
-------------------------
Trace Settings 

Peak Memory Usage: 222 MB



